Analysis & Synthesis report for loopMult
Tue May 04 14:43:53 2021
Quartus Prime Version 20.1.0 Build 711 06/05/2020 SJ Lite Edition


---------------------
; Table of Contents ;
---------------------
  1. Legal Notice
  2. Analysis & Synthesis Summary
  3. Analysis & Synthesis Settings
  4. Parallel Compilation
  5. Analysis & Synthesis Source Files Read
  6. Analysis & Synthesis Resource Usage Summary
  7. Analysis & Synthesis Resource Utilization by Entity
  8. General Register Statistics
  9. Post-Synthesis Netlist Statistics for Top Partition
 10. Elapsed Time Per Partition
 11. Analysis & Synthesis Messages



----------------
; Legal Notice ;
----------------
Copyright (C) 2020  Intel Corporation. All rights reserved.
Your use of Intel Corporation's design tools, logic functions 
and other software and tools, and any partner logic 
functions, and any output files from any of the foregoing 
(including device programming or simulation files), and any 
associated documentation or information are expressly subject 
to the terms and conditions of the Intel Program License 
Subscription Agreement, the Intel Quartus Prime License Agreement,
the Intel FPGA IP License Agreement, or other applicable license
agreement, including, without limitation, that your use is for
the sole purpose of programming logic devices manufactured by
Intel and sold by Intel or its authorized distributors.  Please
refer to the applicable agreement for further details, at
https://fpgasoftware.intel.com/eula.



+----------------------------------------------------------------------------------+
; Analysis & Synthesis Summary                                                     ;
+------------------------------------+---------------------------------------------+
; Analysis & Synthesis Status        ; Successful - Tue May 04 14:43:53 2021       ;
; Quartus Prime Version              ; 20.1.0 Build 711 06/05/2020 SJ Lite Edition ;
; Revision Name                      ; loopMult                                    ;
; Top-level Entity Name              ; loopMult                                    ;
; Family                             ; MAX 10                                      ;
; Total logic elements               ; 14,286                                      ;
;     Total combinational functions  ; 14,029                                      ;
;     Dedicated logic registers      ; 385                                         ;
; Total registers                    ; 385                                         ;
; Total pins                         ; 0                                           ;
; Total virtual pins                 ; 387                                         ;
; Total memory bits                  ; 0                                           ;
; Embedded Multiplier 9-bit elements ; 0                                           ;
; Total PLLs                         ; 0                                           ;
; UFM blocks                         ; 0                                           ;
; ADC blocks                         ; 0                                           ;
+------------------------------------+---------------------------------------------+


+------------------------------------------------------------------------------------------------------------+
; Analysis & Synthesis Settings                                                                              ;
+------------------------------------------------------------------+--------------------+--------------------+
; Option                                                           ; Setting            ; Default Value      ;
+------------------------------------------------------------------+--------------------+--------------------+
; Device                                                           ; 10M50DAF484C7G     ;                    ;
; Top-level entity name                                            ; loopMult           ; loopMult           ;
; Family name                                                      ; MAX 10             ; Cyclone V          ;
; Use smart compilation                                            ; Off                ; Off                ;
; Enable parallel Assembler and Timing Analyzer during compilation ; On                 ; On                 ;
; Enable compact report table                                      ; Off                ; Off                ;
; Restructure Multiplexers                                         ; Auto               ; Auto               ;
; Create Debugging Nodes for IP Cores                              ; Off                ; Off                ;
; Preserve fewer node names                                        ; On                 ; On                 ;
; Intel FPGA IP Evaluation Mode                                    ; Enable             ; Enable             ;
; Verilog Version                                                  ; Verilog_2001       ; Verilog_2001       ;
; VHDL Version                                                     ; VHDL_1993          ; VHDL_1993          ;
; State Machine Processing                                         ; Auto               ; Auto               ;
; Safe State Machine                                               ; Off                ; Off                ;
; Extract Verilog State Machines                                   ; On                 ; On                 ;
; Extract VHDL State Machines                                      ; On                 ; On                 ;
; Ignore Verilog initial constructs                                ; Off                ; Off                ;
; Iteration limit for constant Verilog loops                       ; 5000               ; 5000               ;
; Iteration limit for non-constant Verilog loops                   ; 250                ; 250                ;
; Add Pass-Through Logic to Inferred RAMs                          ; On                 ; On                 ;
; Infer RAMs from Raw Logic                                        ; On                 ; On                 ;
; Parallel Synthesis                                               ; On                 ; On                 ;
; DSP Block Balancing                                              ; Auto               ; Auto               ;
; NOT Gate Push-Back                                               ; On                 ; On                 ;
; Power-Up Don't Care                                              ; On                 ; On                 ;
; Remove Redundant Logic Cells                                     ; Off                ; Off                ;
; Remove Duplicate Registers                                       ; On                 ; On                 ;
; Ignore CARRY Buffers                                             ; Off                ; Off                ;
; Ignore CASCADE Buffers                                           ; Off                ; Off                ;
; Ignore GLOBAL Buffers                                            ; Off                ; Off                ;
; Ignore ROW GLOBAL Buffers                                        ; Off                ; Off                ;
; Ignore LCELL Buffers                                             ; Off                ; Off                ;
; Ignore SOFT Buffers                                              ; On                 ; On                 ;
; Limit AHDL Integers to 32 Bits                                   ; Off                ; Off                ;
; Optimization Technique                                           ; Balanced           ; Balanced           ;
; Carry Chain Length                                               ; 70                 ; 70                 ;
; Auto Carry Chains                                                ; On                 ; On                 ;
; Auto Open-Drain Pins                                             ; On                 ; On                 ;
; Perform WYSIWYG Primitive Resynthesis                            ; Off                ; Off                ;
; Auto ROM Replacement                                             ; On                 ; On                 ;
; Auto RAM Replacement                                             ; On                 ; On                 ;
; Auto DSP Block Replacement                                       ; On                 ; On                 ;
; Auto Shift Register Replacement                                  ; Auto               ; Auto               ;
; Allow Shift Register Merging across Hierarchies                  ; Auto               ; Auto               ;
; Auto Clock Enable Replacement                                    ; On                 ; On                 ;
; Strict RAM Replacement                                           ; Off                ; Off                ;
; Allow Synchronous Control Signals                                ; On                 ; On                 ;
; Force Use of Synchronous Clear Signals                           ; Off                ; Off                ;
; Auto RAM Block Balancing                                         ; On                 ; On                 ;
; Auto RAM to Logic Cell Conversion                                ; Off                ; Off                ;
; Auto Resource Sharing                                            ; Off                ; Off                ;
; Allow Any RAM Size For Recognition                               ; Off                ; Off                ;
; Allow Any ROM Size For Recognition                               ; Off                ; Off                ;
; Allow Any Shift Register Size For Recognition                    ; Off                ; Off                ;
; Use LogicLock Constraints during Resource Balancing              ; On                 ; On                 ;
; Ignore translate_off and synthesis_off directives                ; Off                ; Off                ;
; Timing-Driven Synthesis                                          ; On                 ; On                 ;
; Report Parameter Settings                                        ; On                 ; On                 ;
; Report Source Assignments                                        ; On                 ; On                 ;
; Report Connectivity Checks                                       ; On                 ; On                 ;
; Ignore Maximum Fan-Out Assignments                               ; Off                ; Off                ;
; Synchronization Register Chain Length                            ; 2                  ; 2                  ;
; Power Optimization During Synthesis                              ; Normal compilation ; Normal compilation ;
; HDL message level                                                ; Level2             ; Level2             ;
; Suppress Register Optimization Related Messages                  ; Off                ; Off                ;
; Number of Removed Registers Reported in Synthesis Report         ; 5000               ; 5000               ;
; Number of Swept Nodes Reported in Synthesis Report               ; 5000               ; 5000               ;
; Number of Inverted Registers Reported in Synthesis Report        ; 100                ; 100                ;
; Clock MUX Protection                                             ; On                 ; On                 ;
; Auto Gated Clock Conversion                                      ; Off                ; Off                ;
; Block Design Naming                                              ; Auto               ; Auto               ;
; SDC constraint protection                                        ; Off                ; Off                ;
; Synthesis Effort                                                 ; Auto               ; Auto               ;
; Shift Register Replacement - Allow Asynchronous Clear Signal     ; On                 ; On                 ;
; Pre-Mapping Resynthesis Optimization                             ; Off                ; Off                ;
; Analysis & Synthesis Message Level                               ; Medium             ; Medium             ;
; Disable Register Merging Across Hierarchies                      ; Auto               ; Auto               ;
; Resource Aware Inference For Block RAM                           ; On                 ; On                 ;
+------------------------------------------------------------------+--------------------+--------------------+


+------------------------------------------+
; Parallel Compilation                     ;
+----------------------------+-------------+
; Processors                 ; Number      ;
+----------------------------+-------------+
; Number detected on machine ; 8           ;
; Maximum allowed            ; 4           ;
;                            ;             ;
; Average used               ; 1.01        ;
; Maximum used               ; 4           ;
;                            ;             ;
; Usage by Processor         ; % Time Used ;
;     Processor 1            ; 100.0%      ;
;     Processor 2            ;   0.4%      ;
;     Processor 3            ;   0.3%      ;
;     Processor 4            ;   0.3%      ;
+----------------------------+-------------+


+-----------------------------------------------------------------------------------------------------------------------------------------------------------------+
; Analysis & Synthesis Source Files Read                                                                                                                          ;
+----------------------------------+-----------------+-----------------+--------------------------------------------------------------------------------+---------+
; File Name with User-Entered Path ; Used in Netlist ; File Type       ; File Name with Absolute Path                                                   ; Library ;
+----------------------------------+-----------------+-----------------+--------------------------------------------------------------------------------+---------+
; ../../GHASH/loopMult.vhd         ; yes             ; User VHDL File  ; C:/Users/Gustav Surface/Documents/GitRepos/AES-GCM_FPGA/src/GHASH/loopMult.vhd ;         ;
+----------------------------------+-----------------+-----------------+--------------------------------------------------------------------------------+---------+


+------------------------------------------------------+
; Analysis & Synthesis Resource Usage Summary          ;
+---------------------------------------------+--------+
; Resource                                    ; Usage  ;
+---------------------------------------------+--------+
; Estimated Total logic elements              ; 14,286 ;
;                                             ;        ;
; Total combinational functions               ; 14029  ;
; Logic element usage by number of LUT inputs ;        ;
;     -- 4 input functions                    ; 13354  ;
;     -- 3 input functions                    ; 541    ;
;     -- <=2 input functions                  ; 134    ;
;                                             ;        ;
; Logic elements by mode                      ;        ;
;     -- normal mode                          ; 14029  ;
;     -- arithmetic mode                      ; 0      ;
;                                             ;        ;
; Total registers                             ; 385    ;
;     -- Dedicated logic registers            ; 385    ;
;     -- I/O registers                        ; 0      ;
;                                             ;        ;
; Virtual pins                                ; 387    ;
; I/O pins                                    ; 0      ;
;                                             ;        ;
; Embedded Multiplier 9-bit elements          ; 0      ;
;                                             ;        ;
; Maximum fan-out node                        ; clk    ;
; Maximum fan-out                             ; 385    ;
; Total fan-out                               ; 56590  ;
; Average fan-out                             ; 3.82   ;
+---------------------------------------------+--------+


+------------------------------------------------------------------------------------------------------------------------------------------------------------------------------------------------------------------------------------+
; Analysis & Synthesis Resource Utilization by Entity                                                                                                                                                                                ;
+----------------------------+---------------------+---------------------------+-------------+------------+--------------+---------+-----------+------+--------------+------------+---------------------+-------------+--------------+
; Compilation Hierarchy Node ; Combinational ALUTs ; Dedicated Logic Registers ; Memory Bits ; UFM Blocks ; DSP Elements ; DSP 9x9 ; DSP 18x18 ; Pins ; Virtual Pins ; ADC blocks ; Full Hierarchy Name ; Entity Name ; Library Name ;
+----------------------------+---------------------+---------------------------+-------------+------------+--------------+---------+-----------+------+--------------+------------+---------------------+-------------+--------------+
; |loopMult                  ; 14029 (14029)       ; 385 (385)                 ; 0           ; 0          ; 0            ; 0       ; 0         ; 0    ; 387          ; 0          ; |loopMult           ; loopMult    ; work         ;
+----------------------------+---------------------+---------------------------+-------------+------------+--------------+---------+-----------+------+--------------+------------+---------------------+-------------+--------------+
Note: For table entries with two numbers listed, the numbers in parentheses indicate the number of resources of the given type used by the specific entity alone. The numbers listed outside of parentheses indicate the total resources of the given type used by the specific entity and all of its sub-entities in the hierarchy.


+------------------------------------------------------+
; General Register Statistics                          ;
+----------------------------------------------+-------+
; Statistic                                    ; Value ;
+----------------------------------------------+-------+
; Total registers                              ; 385   ;
; Number of registers using Synchronous Clear  ; 0     ;
; Number of registers using Synchronous Load   ; 128   ;
; Number of registers using Asynchronous Clear ; 0     ;
; Number of registers using Asynchronous Load  ; 0     ;
; Number of registers using Clock Enable       ; 128   ;
; Number of registers using Preset             ; 0     ;
+----------------------------------------------+-------+


+-----------------------------------------------------+
; Post-Synthesis Netlist Statistics for Top Partition ;
+-----------------------+-----------------------------+
; Type                  ; Count                       ;
+-----------------------+-----------------------------+
; boundary_port         ; 387                         ;
; cycloneiii_ff         ; 385                         ;
;     ENA SLD           ; 128                         ;
;     plain             ; 257                         ;
; cycloneiii_lcell_comb ; 14029                       ;
;     normal            ; 14029                       ;
;         2 data inputs ; 134                         ;
;         3 data inputs ; 541                         ;
;         4 data inputs ; 13354                       ;
;                       ;                             ;
; Max LUT depth         ; 127.00                      ;
; Average LUT depth     ; 83.01                       ;
+-----------------------+-----------------------------+


+-------------------------------+
; Elapsed Time Per Partition    ;
+----------------+--------------+
; Partition Name ; Elapsed Time ;
+----------------+--------------+
; Top            ; 00:00:42     ;
+----------------+--------------+


+-------------------------------+
; Analysis & Synthesis Messages ;
+-------------------------------+
Info: *******************************************************************
Info: Running Quartus Prime Analysis & Synthesis
    Info: Version 20.1.0 Build 711 06/05/2020 SJ Lite Edition
    Info: Processing started: Tue May 04 14:42:59 2021
Info: Command: quartus_map --read_settings_files=on --write_settings_files=off loopMult -c loopMult
Warning (18236): Number of processors has not been specified which may cause overloading on shared machines.  Set the global assignment NUM_PARALLEL_PROCESSORS in your QSF to an appropriate value for best performance.
Info (20030): Parallel compilation is enabled and will use 4 of the 4 processors detected
Info (12021): Found 2 design units, including 1 entities, in source file /users/gustav surface/documents/gitrepos/aes-gcm_fpga/src/ghash/loopmult.vhd
    Info (12022): Found design unit 1: loopMult-loopMult_arc File: C:/Users/Gustav Surface/Documents/GitRepos/AES-GCM_FPGA/src/GHASH/loopMult.vhd Line: 17
    Info (12023): Found entity 1: loopMult File: C:/Users/Gustav Surface/Documents/GitRepos/AES-GCM_FPGA/src/GHASH/loopMult.vhd Line: 7
Info (12127): Elaborating entity "loopMult" for the top level hierarchy
Warning (10540): VHDL Signal Declaration warning at loopMult.vhd(19): used explicit default value for signal "R" because signal was never assigned a value File: C:/Users/Gustav Surface/Documents/GitRepos/AES-GCM_FPGA/src/GHASH/loopMult.vhd Line: 19
Info (286030): Timing-Driven Synthesis is running
Info (16010): Generating hard_block partition "hard_block:auto_generated_inst"
    Info (16011): Adding 0 node(s), including 0 DDIO, 0 PLL, 0 transceiver and 0 LCELL
Critical Warning (15725): clock port is fed by virtual pin "clk~input"; timing analysis treats input to the clock port as a ripple clock
Info (15717): Design contains 387 virtual pins; timing numbers associated with paths containing virtual pins are estimates
    Info (15719): Pin "out_val" is virtual output pin File: C:/Users/Gustav Surface/Documents/GitRepos/AES-GCM_FPGA/src/GHASH/loopMult.vhd Line: 13
    Info (15719): Pin "out_product[0]" is virtual output pin File: C:/Users/Gustav Surface/Documents/GitRepos/AES-GCM_FPGA/src/GHASH/loopMult.vhd Line: 36
    Info (15719): Pin "out_product[1]" is virtual output pin File: C:/Users/Gustav Surface/Documents/GitRepos/AES-GCM_FPGA/src/GHASH/loopMult.vhd Line: 36
    Info (15719): Pin "out_product[2]" is virtual output pin File: C:/Users/Gustav Surface/Documents/GitRepos/AES-GCM_FPGA/src/GHASH/loopMult.vhd Line: 36
    Info (15719): Pin "out_product[3]" is virtual output pin File: C:/Users/Gustav Surface/Documents/GitRepos/AES-GCM_FPGA/src/GHASH/loopMult.vhd Line: 36
    Info (15719): Pin "out_product[4]" is virtual output pin File: C:/Users/Gustav Surface/Documents/GitRepos/AES-GCM_FPGA/src/GHASH/loopMult.vhd Line: 36
    Info (15719): Pin "out_product[5]" is virtual output pin File: C:/Users/Gustav Surface/Documents/GitRepos/AES-GCM_FPGA/src/GHASH/loopMult.vhd Line: 36
    Info (15719): Pin "out_product[6]" is virtual output pin File: C:/Users/Gustav Surface/Documents/GitRepos/AES-GCM_FPGA/src/GHASH/loopMult.vhd Line: 36
    Info (15719): Pin "out_product[7]" is virtual output pin File: C:/Users/Gustav Surface/Documents/GitRepos/AES-GCM_FPGA/src/GHASH/loopMult.vhd Line: 36
    Info (15719): Pin "out_product[8]" is virtual output pin File: C:/Users/Gustav Surface/Documents/GitRepos/AES-GCM_FPGA/src/GHASH/loopMult.vhd Line: 36
    Info (15719): Pin "out_product[9]" is virtual output pin File: C:/Users/Gustav Surface/Documents/GitRepos/AES-GCM_FPGA/src/GHASH/loopMult.vhd Line: 36
    Info (15719): Pin "out_product[10]" is virtual output pin File: C:/Users/Gustav Surface/Documents/GitRepos/AES-GCM_FPGA/src/GHASH/loopMult.vhd Line: 36
    Info (15719): Pin "out_product[11]" is virtual output pin File: C:/Users/Gustav Surface/Documents/GitRepos/AES-GCM_FPGA/src/GHASH/loopMult.vhd Line: 36
    Info (15719): Pin "out_product[12]" is virtual output pin File: C:/Users/Gustav Surface/Documents/GitRepos/AES-GCM_FPGA/src/GHASH/loopMult.vhd Line: 36
    Info (15719): Pin "out_product[13]" is virtual output pin File: C:/Users/Gustav Surface/Documents/GitRepos/AES-GCM_FPGA/src/GHASH/loopMult.vhd Line: 36
    Info (15719): Pin "out_product[14]" is virtual output pin File: C:/Users/Gustav Surface/Documents/GitRepos/AES-GCM_FPGA/src/GHASH/loopMult.vhd Line: 36
    Info (15719): Pin "out_product[15]" is virtual output pin File: C:/Users/Gustav Surface/Documents/GitRepos/AES-GCM_FPGA/src/GHASH/loopMult.vhd Line: 36
    Info (15719): Pin "out_product[16]" is virtual output pin File: C:/Users/Gustav Surface/Documents/GitRepos/AES-GCM_FPGA/src/GHASH/loopMult.vhd Line: 36
    Info (15719): Pin "out_product[17]" is virtual output pin File: C:/Users/Gustav Surface/Documents/GitRepos/AES-GCM_FPGA/src/GHASH/loopMult.vhd Line: 36
    Info (15719): Pin "out_product[18]" is virtual output pin File: C:/Users/Gustav Surface/Documents/GitRepos/AES-GCM_FPGA/src/GHASH/loopMult.vhd Line: 36
    Info (15719): Pin "out_product[19]" is virtual output pin File: C:/Users/Gustav Surface/Documents/GitRepos/AES-GCM_FPGA/src/GHASH/loopMult.vhd Line: 36
    Info (15719): Pin "out_product[20]" is virtual output pin File: C:/Users/Gustav Surface/Documents/GitRepos/AES-GCM_FPGA/src/GHASH/loopMult.vhd Line: 36
    Info (15719): Pin "out_product[21]" is virtual output pin File: C:/Users/Gustav Surface/Documents/GitRepos/AES-GCM_FPGA/src/GHASH/loopMult.vhd Line: 36
    Info (15719): Pin "out_product[22]" is virtual output pin File: C:/Users/Gustav Surface/Documents/GitRepos/AES-GCM_FPGA/src/GHASH/loopMult.vhd Line: 36
    Info (15719): Pin "out_product[23]" is virtual output pin File: C:/Users/Gustav Surface/Documents/GitRepos/AES-GCM_FPGA/src/GHASH/loopMult.vhd Line: 36
    Info (15719): Pin "out_product[24]" is virtual output pin File: C:/Users/Gustav Surface/Documents/GitRepos/AES-GCM_FPGA/src/GHASH/loopMult.vhd Line: 36
    Info (15719): Pin "out_product[25]" is virtual output pin File: C:/Users/Gustav Surface/Documents/GitRepos/AES-GCM_FPGA/src/GHASH/loopMult.vhd Line: 36
    Info (15719): Pin "out_product[26]" is virtual output pin File: C:/Users/Gustav Surface/Documents/GitRepos/AES-GCM_FPGA/src/GHASH/loopMult.vhd Line: 36
    Info (15719): Pin "out_product[27]" is virtual output pin File: C:/Users/Gustav Surface/Documents/GitRepos/AES-GCM_FPGA/src/GHASH/loopMult.vhd Line: 36
    Info (15719): Pin "out_product[28]" is virtual output pin File: C:/Users/Gustav Surface/Documents/GitRepos/AES-GCM_FPGA/src/GHASH/loopMult.vhd Line: 36
    Info (15719): Pin "out_product[29]" is virtual output pin File: C:/Users/Gustav Surface/Documents/GitRepos/AES-GCM_FPGA/src/GHASH/loopMult.vhd Line: 36
    Info (15719): Pin "out_product[30]" is virtual output pin File: C:/Users/Gustav Surface/Documents/GitRepos/AES-GCM_FPGA/src/GHASH/loopMult.vhd Line: 36
    Info (15719): Pin "out_product[31]" is virtual output pin File: C:/Users/Gustav Surface/Documents/GitRepos/AES-GCM_FPGA/src/GHASH/loopMult.vhd Line: 36
    Info (15719): Pin "out_product[32]" is virtual output pin File: C:/Users/Gustav Surface/Documents/GitRepos/AES-GCM_FPGA/src/GHASH/loopMult.vhd Line: 36
    Info (15719): Pin "out_product[33]" is virtual output pin File: C:/Users/Gustav Surface/Documents/GitRepos/AES-GCM_FPGA/src/GHASH/loopMult.vhd Line: 36
    Info (15719): Pin "out_product[34]" is virtual output pin File: C:/Users/Gustav Surface/Documents/GitRepos/AES-GCM_FPGA/src/GHASH/loopMult.vhd Line: 36
    Info (15719): Pin "out_product[35]" is virtual output pin File: C:/Users/Gustav Surface/Documents/GitRepos/AES-GCM_FPGA/src/GHASH/loopMult.vhd Line: 36
    Info (15719): Pin "out_product[36]" is virtual output pin File: C:/Users/Gustav Surface/Documents/GitRepos/AES-GCM_FPGA/src/GHASH/loopMult.vhd Line: 36
    Info (15719): Pin "out_product[37]" is virtual output pin File: C:/Users/Gustav Surface/Documents/GitRepos/AES-GCM_FPGA/src/GHASH/loopMult.vhd Line: 36
    Info (15719): Pin "out_product[38]" is virtual output pin File: C:/Users/Gustav Surface/Documents/GitRepos/AES-GCM_FPGA/src/GHASH/loopMult.vhd Line: 36
    Info (15719): Pin "out_product[39]" is virtual output pin File: C:/Users/Gustav Surface/Documents/GitRepos/AES-GCM_FPGA/src/GHASH/loopMult.vhd Line: 36
    Info (15719): Pin "out_product[40]" is virtual output pin File: C:/Users/Gustav Surface/Documents/GitRepos/AES-GCM_FPGA/src/GHASH/loopMult.vhd Line: 36
    Info (15719): Pin "out_product[41]" is virtual output pin File: C:/Users/Gustav Surface/Documents/GitRepos/AES-GCM_FPGA/src/GHASH/loopMult.vhd Line: 36
    Info (15719): Pin "out_product[42]" is virtual output pin File: C:/Users/Gustav Surface/Documents/GitRepos/AES-GCM_FPGA/src/GHASH/loopMult.vhd Line: 36
    Info (15719): Pin "out_product[43]" is virtual output pin File: C:/Users/Gustav Surface/Documents/GitRepos/AES-GCM_FPGA/src/GHASH/loopMult.vhd Line: 36
    Info (15719): Pin "out_product[44]" is virtual output pin File: C:/Users/Gustav Surface/Documents/GitRepos/AES-GCM_FPGA/src/GHASH/loopMult.vhd Line: 36
    Info (15719): Pin "out_product[45]" is virtual output pin File: C:/Users/Gustav Surface/Documents/GitRepos/AES-GCM_FPGA/src/GHASH/loopMult.vhd Line: 36
    Info (15719): Pin "out_product[46]" is virtual output pin File: C:/Users/Gustav Surface/Documents/GitRepos/AES-GCM_FPGA/src/GHASH/loopMult.vhd Line: 36
    Info (15719): Pin "out_product[47]" is virtual output pin File: C:/Users/Gustav Surface/Documents/GitRepos/AES-GCM_FPGA/src/GHASH/loopMult.vhd Line: 36
    Info (15719): Pin "out_product[48]" is virtual output pin File: C:/Users/Gustav Surface/Documents/GitRepos/AES-GCM_FPGA/src/GHASH/loopMult.vhd Line: 36
    Info (15719): Pin "out_product[49]" is virtual output pin File: C:/Users/Gustav Surface/Documents/GitRepos/AES-GCM_FPGA/src/GHASH/loopMult.vhd Line: 36
    Info (15719): Pin "out_product[50]" is virtual output pin File: C:/Users/Gustav Surface/Documents/GitRepos/AES-GCM_FPGA/src/GHASH/loopMult.vhd Line: 36
    Info (15719): Pin "out_product[51]" is virtual output pin File: C:/Users/Gustav Surface/Documents/GitRepos/AES-GCM_FPGA/src/GHASH/loopMult.vhd Line: 36
    Info (15719): Pin "out_product[52]" is virtual output pin File: C:/Users/Gustav Surface/Documents/GitRepos/AES-GCM_FPGA/src/GHASH/loopMult.vhd Line: 36
    Info (15719): Pin "out_product[53]" is virtual output pin File: C:/Users/Gustav Surface/Documents/GitRepos/AES-GCM_FPGA/src/GHASH/loopMult.vhd Line: 36
    Info (15719): Pin "out_product[54]" is virtual output pin File: C:/Users/Gustav Surface/Documents/GitRepos/AES-GCM_FPGA/src/GHASH/loopMult.vhd Line: 36
    Info (15719): Pin "out_product[55]" is virtual output pin File: C:/Users/Gustav Surface/Documents/GitRepos/AES-GCM_FPGA/src/GHASH/loopMult.vhd Line: 36
    Info (15719): Pin "out_product[56]" is virtual output pin File: C:/Users/Gustav Surface/Documents/GitRepos/AES-GCM_FPGA/src/GHASH/loopMult.vhd Line: 36
    Info (15719): Pin "out_product[57]" is virtual output pin File: C:/Users/Gustav Surface/Documents/GitRepos/AES-GCM_FPGA/src/GHASH/loopMult.vhd Line: 36
    Info (15719): Pin "out_product[58]" is virtual output pin File: C:/Users/Gustav Surface/Documents/GitRepos/AES-GCM_FPGA/src/GHASH/loopMult.vhd Line: 36
    Info (15719): Pin "out_product[59]" is virtual output pin File: C:/Users/Gustav Surface/Documents/GitRepos/AES-GCM_FPGA/src/GHASH/loopMult.vhd Line: 36
    Info (15719): Pin "out_product[60]" is virtual output pin File: C:/Users/Gustav Surface/Documents/GitRepos/AES-GCM_FPGA/src/GHASH/loopMult.vhd Line: 36
    Info (15719): Pin "out_product[61]" is virtual output pin File: C:/Users/Gustav Surface/Documents/GitRepos/AES-GCM_FPGA/src/GHASH/loopMult.vhd Line: 36
    Info (15719): Pin "out_product[62]" is virtual output pin File: C:/Users/Gustav Surface/Documents/GitRepos/AES-GCM_FPGA/src/GHASH/loopMult.vhd Line: 36
    Info (15719): Pin "out_product[63]" is virtual output pin File: C:/Users/Gustav Surface/Documents/GitRepos/AES-GCM_FPGA/src/GHASH/loopMult.vhd Line: 36
    Info (15719): Pin "out_product[64]" is virtual output pin File: C:/Users/Gustav Surface/Documents/GitRepos/AES-GCM_FPGA/src/GHASH/loopMult.vhd Line: 36
    Info (15719): Pin "out_product[65]" is virtual output pin File: C:/Users/Gustav Surface/Documents/GitRepos/AES-GCM_FPGA/src/GHASH/loopMult.vhd Line: 36
    Info (15719): Pin "out_product[66]" is virtual output pin File: C:/Users/Gustav Surface/Documents/GitRepos/AES-GCM_FPGA/src/GHASH/loopMult.vhd Line: 36
    Info (15719): Pin "out_product[67]" is virtual output pin File: C:/Users/Gustav Surface/Documents/GitRepos/AES-GCM_FPGA/src/GHASH/loopMult.vhd Line: 36
    Info (15719): Pin "out_product[68]" is virtual output pin File: C:/Users/Gustav Surface/Documents/GitRepos/AES-GCM_FPGA/src/GHASH/loopMult.vhd Line: 36
    Info (15719): Pin "out_product[69]" is virtual output pin File: C:/Users/Gustav Surface/Documents/GitRepos/AES-GCM_FPGA/src/GHASH/loopMult.vhd Line: 36
    Info (15719): Pin "out_product[70]" is virtual output pin File: C:/Users/Gustav Surface/Documents/GitRepos/AES-GCM_FPGA/src/GHASH/loopMult.vhd Line: 36
    Info (15719): Pin "out_product[71]" is virtual output pin File: C:/Users/Gustav Surface/Documents/GitRepos/AES-GCM_FPGA/src/GHASH/loopMult.vhd Line: 36
    Info (15719): Pin "out_product[72]" is virtual output pin File: C:/Users/Gustav Surface/Documents/GitRepos/AES-GCM_FPGA/src/GHASH/loopMult.vhd Line: 36
    Info (15719): Pin "out_product[73]" is virtual output pin File: C:/Users/Gustav Surface/Documents/GitRepos/AES-GCM_FPGA/src/GHASH/loopMult.vhd Line: 36
    Info (15719): Pin "out_product[74]" is virtual output pin File: C:/Users/Gustav Surface/Documents/GitRepos/AES-GCM_FPGA/src/GHASH/loopMult.vhd Line: 36
    Info (15719): Pin "out_product[75]" is virtual output pin File: C:/Users/Gustav Surface/Documents/GitRepos/AES-GCM_FPGA/src/GHASH/loopMult.vhd Line: 36
    Info (15719): Pin "out_product[76]" is virtual output pin File: C:/Users/Gustav Surface/Documents/GitRepos/AES-GCM_FPGA/src/GHASH/loopMult.vhd Line: 36
    Info (15719): Pin "out_product[77]" is virtual output pin File: C:/Users/Gustav Surface/Documents/GitRepos/AES-GCM_FPGA/src/GHASH/loopMult.vhd Line: 36
    Info (15719): Pin "out_product[78]" is virtual output pin File: C:/Users/Gustav Surface/Documents/GitRepos/AES-GCM_FPGA/src/GHASH/loopMult.vhd Line: 36
    Info (15719): Pin "out_product[79]" is virtual output pin File: C:/Users/Gustav Surface/Documents/GitRepos/AES-GCM_FPGA/src/GHASH/loopMult.vhd Line: 36
    Info (15719): Pin "out_product[80]" is virtual output pin File: C:/Users/Gustav Surface/Documents/GitRepos/AES-GCM_FPGA/src/GHASH/loopMult.vhd Line: 36
    Info (15719): Pin "out_product[81]" is virtual output pin File: C:/Users/Gustav Surface/Documents/GitRepos/AES-GCM_FPGA/src/GHASH/loopMult.vhd Line: 36
    Info (15719): Pin "out_product[82]" is virtual output pin File: C:/Users/Gustav Surface/Documents/GitRepos/AES-GCM_FPGA/src/GHASH/loopMult.vhd Line: 36
    Info (15719): Pin "out_product[83]" is virtual output pin File: C:/Users/Gustav Surface/Documents/GitRepos/AES-GCM_FPGA/src/GHASH/loopMult.vhd Line: 36
    Info (15719): Pin "out_product[84]" is virtual output pin File: C:/Users/Gustav Surface/Documents/GitRepos/AES-GCM_FPGA/src/GHASH/loopMult.vhd Line: 36
    Info (15719): Pin "out_product[85]" is virtual output pin File: C:/Users/Gustav Surface/Documents/GitRepos/AES-GCM_FPGA/src/GHASH/loopMult.vhd Line: 36
    Info (15719): Pin "out_product[86]" is virtual output pin File: C:/Users/Gustav Surface/Documents/GitRepos/AES-GCM_FPGA/src/GHASH/loopMult.vhd Line: 36
    Info (15719): Pin "out_product[87]" is virtual output pin File: C:/Users/Gustav Surface/Documents/GitRepos/AES-GCM_FPGA/src/GHASH/loopMult.vhd Line: 36
    Info (15719): Pin "out_product[88]" is virtual output pin File: C:/Users/Gustav Surface/Documents/GitRepos/AES-GCM_FPGA/src/GHASH/loopMult.vhd Line: 36
    Info (15719): Pin "out_product[89]" is virtual output pin File: C:/Users/Gustav Surface/Documents/GitRepos/AES-GCM_FPGA/src/GHASH/loopMult.vhd Line: 36
    Info (15719): Pin "out_product[90]" is virtual output pin File: C:/Users/Gustav Surface/Documents/GitRepos/AES-GCM_FPGA/src/GHASH/loopMult.vhd Line: 36
    Info (15719): Pin "out_product[91]" is virtual output pin File: C:/Users/Gustav Surface/Documents/GitRepos/AES-GCM_FPGA/src/GHASH/loopMult.vhd Line: 36
    Info (15719): Pin "out_product[92]" is virtual output pin File: C:/Users/Gustav Surface/Documents/GitRepos/AES-GCM_FPGA/src/GHASH/loopMult.vhd Line: 36
    Info (15719): Pin "out_product[93]" is virtual output pin File: C:/Users/Gustav Surface/Documents/GitRepos/AES-GCM_FPGA/src/GHASH/loopMult.vhd Line: 36
    Info (15719): Pin "out_product[94]" is virtual output pin File: C:/Users/Gustav Surface/Documents/GitRepos/AES-GCM_FPGA/src/GHASH/loopMult.vhd Line: 36
    Info (15719): Pin "out_product[95]" is virtual output pin File: C:/Users/Gustav Surface/Documents/GitRepos/AES-GCM_FPGA/src/GHASH/loopMult.vhd Line: 36
    Info (15719): Pin "out_product[96]" is virtual output pin File: C:/Users/Gustav Surface/Documents/GitRepos/AES-GCM_FPGA/src/GHASH/loopMult.vhd Line: 36
    Info (15719): Pin "out_product[97]" is virtual output pin File: C:/Users/Gustav Surface/Documents/GitRepos/AES-GCM_FPGA/src/GHASH/loopMult.vhd Line: 36
    Info (15719): Pin "out_product[98]" is virtual output pin File: C:/Users/Gustav Surface/Documents/GitRepos/AES-GCM_FPGA/src/GHASH/loopMult.vhd Line: 36
    Info (15719): Pin "out_product[99]" is virtual output pin File: C:/Users/Gustav Surface/Documents/GitRepos/AES-GCM_FPGA/src/GHASH/loopMult.vhd Line: 36
    Info (15719): Pin "out_product[100]" is virtual output pin File: C:/Users/Gustav Surface/Documents/GitRepos/AES-GCM_FPGA/src/GHASH/loopMult.vhd Line: 36
    Info (15719): Pin "out_product[101]" is virtual output pin File: C:/Users/Gustav Surface/Documents/GitRepos/AES-GCM_FPGA/src/GHASH/loopMult.vhd Line: 36
    Info (15719): Pin "out_product[102]" is virtual output pin File: C:/Users/Gustav Surface/Documents/GitRepos/AES-GCM_FPGA/src/GHASH/loopMult.vhd Line: 36
    Info (15719): Pin "out_product[103]" is virtual output pin File: C:/Users/Gustav Surface/Documents/GitRepos/AES-GCM_FPGA/src/GHASH/loopMult.vhd Line: 36
    Info (15719): Pin "out_product[104]" is virtual output pin File: C:/Users/Gustav Surface/Documents/GitRepos/AES-GCM_FPGA/src/GHASH/loopMult.vhd Line: 36
    Info (15719): Pin "out_product[105]" is virtual output pin File: C:/Users/Gustav Surface/Documents/GitRepos/AES-GCM_FPGA/src/GHASH/loopMult.vhd Line: 36
    Info (15719): Pin "out_product[106]" is virtual output pin File: C:/Users/Gustav Surface/Documents/GitRepos/AES-GCM_FPGA/src/GHASH/loopMult.vhd Line: 36
    Info (15719): Pin "out_product[107]" is virtual output pin File: C:/Users/Gustav Surface/Documents/GitRepos/AES-GCM_FPGA/src/GHASH/loopMult.vhd Line: 36
    Info (15719): Pin "out_product[108]" is virtual output pin File: C:/Users/Gustav Surface/Documents/GitRepos/AES-GCM_FPGA/src/GHASH/loopMult.vhd Line: 36
    Info (15719): Pin "out_product[109]" is virtual output pin File: C:/Users/Gustav Surface/Documents/GitRepos/AES-GCM_FPGA/src/GHASH/loopMult.vhd Line: 36
    Info (15719): Pin "out_product[110]" is virtual output pin File: C:/Users/Gustav Surface/Documents/GitRepos/AES-GCM_FPGA/src/GHASH/loopMult.vhd Line: 36
    Info (15719): Pin "out_product[111]" is virtual output pin File: C:/Users/Gustav Surface/Documents/GitRepos/AES-GCM_FPGA/src/GHASH/loopMult.vhd Line: 36
    Info (15719): Pin "out_product[112]" is virtual output pin File: C:/Users/Gustav Surface/Documents/GitRepos/AES-GCM_FPGA/src/GHASH/loopMult.vhd Line: 36
    Info (15719): Pin "out_product[113]" is virtual output pin File: C:/Users/Gustav Surface/Documents/GitRepos/AES-GCM_FPGA/src/GHASH/loopMult.vhd Line: 36
    Info (15719): Pin "out_product[114]" is virtual output pin File: C:/Users/Gustav Surface/Documents/GitRepos/AES-GCM_FPGA/src/GHASH/loopMult.vhd Line: 36
    Info (15719): Pin "out_product[115]" is virtual output pin File: C:/Users/Gustav Surface/Documents/GitRepos/AES-GCM_FPGA/src/GHASH/loopMult.vhd Line: 36
    Info (15719): Pin "out_product[116]" is virtual output pin File: C:/Users/Gustav Surface/Documents/GitRepos/AES-GCM_FPGA/src/GHASH/loopMult.vhd Line: 36
    Info (15719): Pin "out_product[117]" is virtual output pin File: C:/Users/Gustav Surface/Documents/GitRepos/AES-GCM_FPGA/src/GHASH/loopMult.vhd Line: 36
    Info (15719): Pin "out_product[118]" is virtual output pin File: C:/Users/Gustav Surface/Documents/GitRepos/AES-GCM_FPGA/src/GHASH/loopMult.vhd Line: 36
    Info (15719): Pin "out_product[119]" is virtual output pin File: C:/Users/Gustav Surface/Documents/GitRepos/AES-GCM_FPGA/src/GHASH/loopMult.vhd Line: 36
    Info (15719): Pin "out_product[120]" is virtual output pin File: C:/Users/Gustav Surface/Documents/GitRepos/AES-GCM_FPGA/src/GHASH/loopMult.vhd Line: 36
    Info (15719): Pin "out_product[121]" is virtual output pin File: C:/Users/Gustav Surface/Documents/GitRepos/AES-GCM_FPGA/src/GHASH/loopMult.vhd Line: 36
    Info (15719): Pin "out_product[122]" is virtual output pin File: C:/Users/Gustav Surface/Documents/GitRepos/AES-GCM_FPGA/src/GHASH/loopMult.vhd Line: 36
    Info (15719): Pin "out_product[123]" is virtual output pin File: C:/Users/Gustav Surface/Documents/GitRepos/AES-GCM_FPGA/src/GHASH/loopMult.vhd Line: 36
    Info (15719): Pin "out_product[124]" is virtual output pin File: C:/Users/Gustav Surface/Documents/GitRepos/AES-GCM_FPGA/src/GHASH/loopMult.vhd Line: 36
    Info (15719): Pin "out_product[125]" is virtual output pin File: C:/Users/Gustav Surface/Documents/GitRepos/AES-GCM_FPGA/src/GHASH/loopMult.vhd Line: 36
    Info (15719): Pin "out_product[126]" is virtual output pin File: C:/Users/Gustav Surface/Documents/GitRepos/AES-GCM_FPGA/src/GHASH/loopMult.vhd Line: 36
    Info (15719): Pin "out_product[127]" is virtual output pin File: C:/Users/Gustav Surface/Documents/GitRepos/AES-GCM_FPGA/src/GHASH/loopMult.vhd Line: 36
    Info (15718): Pin "in_val" is virtual input pin File: C:/Users/Gustav Surface/Documents/GitRepos/AES-GCM_FPGA/src/GHASH/loopMult.vhd Line: 10
    Info (15718): Pin "clk" is virtual input pin File: C:/Users/Gustav Surface/Documents/GitRepos/AES-GCM_FPGA/src/GHASH/loopMult.vhd Line: 9
    Info (15718): Pin "Y[127]" is virtual input pin File: C:/Users/Gustav Surface/Documents/GitRepos/AES-GCM_FPGA/src/GHASH/loopMult.vhd Line: 12
    Info (15718): Pin "X[0]" is virtual input pin File: C:/Users/Gustav Surface/Documents/GitRepos/AES-GCM_FPGA/src/GHASH/loopMult.vhd Line: 11
    Info (15718): Pin "Y[0]" is virtual input pin File: C:/Users/Gustav Surface/Documents/GitRepos/AES-GCM_FPGA/src/GHASH/loopMult.vhd Line: 12
    Info (15718): Pin "X[1]" is virtual input pin File: C:/Users/Gustav Surface/Documents/GitRepos/AES-GCM_FPGA/src/GHASH/loopMult.vhd Line: 11
    Info (15718): Pin "Y[125]" is virtual input pin File: C:/Users/Gustav Surface/Documents/GitRepos/AES-GCM_FPGA/src/GHASH/loopMult.vhd Line: 12
    Info (15718): Pin "X[3]" is virtual input pin File: C:/Users/Gustav Surface/Documents/GitRepos/AES-GCM_FPGA/src/GHASH/loopMult.vhd Line: 11
    Info (15718): Pin "Y[126]" is virtual input pin File: C:/Users/Gustav Surface/Documents/GitRepos/AES-GCM_FPGA/src/GHASH/loopMult.vhd Line: 12
    Info (15718): Pin "X[2]" is virtual input pin File: C:/Users/Gustav Surface/Documents/GitRepos/AES-GCM_FPGA/src/GHASH/loopMult.vhd Line: 11
    Info (15718): Pin "Y[124]" is virtual input pin File: C:/Users/Gustav Surface/Documents/GitRepos/AES-GCM_FPGA/src/GHASH/loopMult.vhd Line: 12
    Info (15718): Pin "X[4]" is virtual input pin File: C:/Users/Gustav Surface/Documents/GitRepos/AES-GCM_FPGA/src/GHASH/loopMult.vhd Line: 11
    Info (15718): Pin "Y[122]" is virtual input pin File: C:/Users/Gustav Surface/Documents/GitRepos/AES-GCM_FPGA/src/GHASH/loopMult.vhd Line: 12
    Info (15718): Pin "X[6]" is virtual input pin File: C:/Users/Gustav Surface/Documents/GitRepos/AES-GCM_FPGA/src/GHASH/loopMult.vhd Line: 11
    Info (15718): Pin "Y[123]" is virtual input pin File: C:/Users/Gustav Surface/Documents/GitRepos/AES-GCM_FPGA/src/GHASH/loopMult.vhd Line: 12
    Info (15718): Pin "X[5]" is virtual input pin File: C:/Users/Gustav Surface/Documents/GitRepos/AES-GCM_FPGA/src/GHASH/loopMult.vhd Line: 11
    Info (15718): Pin "Y[121]" is virtual input pin File: C:/Users/Gustav Surface/Documents/GitRepos/AES-GCM_FPGA/src/GHASH/loopMult.vhd Line: 12
    Info (15718): Pin "X[7]" is virtual input pin File: C:/Users/Gustav Surface/Documents/GitRepos/AES-GCM_FPGA/src/GHASH/loopMult.vhd Line: 11
    Info (15718): Pin "Y[119]" is virtual input pin File: C:/Users/Gustav Surface/Documents/GitRepos/AES-GCM_FPGA/src/GHASH/loopMult.vhd Line: 12
    Info (15718): Pin "X[9]" is virtual input pin File: C:/Users/Gustav Surface/Documents/GitRepos/AES-GCM_FPGA/src/GHASH/loopMult.vhd Line: 11
    Info (15718): Pin "Y[120]" is virtual input pin File: C:/Users/Gustav Surface/Documents/GitRepos/AES-GCM_FPGA/src/GHASH/loopMult.vhd Line: 12
    Info (15718): Pin "X[8]" is virtual input pin File: C:/Users/Gustav Surface/Documents/GitRepos/AES-GCM_FPGA/src/GHASH/loopMult.vhd Line: 11
    Info (15718): Pin "Y[118]" is virtual input pin File: C:/Users/Gustav Surface/Documents/GitRepos/AES-GCM_FPGA/src/GHASH/loopMult.vhd Line: 12
    Info (15718): Pin "X[10]" is virtual input pin File: C:/Users/Gustav Surface/Documents/GitRepos/AES-GCM_FPGA/src/GHASH/loopMult.vhd Line: 11
    Info (15718): Pin "Y[116]" is virtual input pin File: C:/Users/Gustav Surface/Documents/GitRepos/AES-GCM_FPGA/src/GHASH/loopMult.vhd Line: 12
    Info (15718): Pin "X[12]" is virtual input pin File: C:/Users/Gustav Surface/Documents/GitRepos/AES-GCM_FPGA/src/GHASH/loopMult.vhd Line: 11
    Info (15718): Pin "Y[117]" is virtual input pin File: C:/Users/Gustav Surface/Documents/GitRepos/AES-GCM_FPGA/src/GHASH/loopMult.vhd Line: 12
    Info (15718): Pin "X[11]" is virtual input pin File: C:/Users/Gustav Surface/Documents/GitRepos/AES-GCM_FPGA/src/GHASH/loopMult.vhd Line: 11
    Info (15718): Pin "Y[115]" is virtual input pin File: C:/Users/Gustav Surface/Documents/GitRepos/AES-GCM_FPGA/src/GHASH/loopMult.vhd Line: 12
    Info (15718): Pin "X[13]" is virtual input pin File: C:/Users/Gustav Surface/Documents/GitRepos/AES-GCM_FPGA/src/GHASH/loopMult.vhd Line: 11
    Info (15718): Pin "Y[113]" is virtual input pin File: C:/Users/Gustav Surface/Documents/GitRepos/AES-GCM_FPGA/src/GHASH/loopMult.vhd Line: 12
    Info (15718): Pin "X[15]" is virtual input pin File: C:/Users/Gustav Surface/Documents/GitRepos/AES-GCM_FPGA/src/GHASH/loopMult.vhd Line: 11
    Info (15718): Pin "Y[114]" is virtual input pin File: C:/Users/Gustav Surface/Documents/GitRepos/AES-GCM_FPGA/src/GHASH/loopMult.vhd Line: 12
    Info (15718): Pin "X[14]" is virtual input pin File: C:/Users/Gustav Surface/Documents/GitRepos/AES-GCM_FPGA/src/GHASH/loopMult.vhd Line: 11
    Info (15718): Pin "Y[112]" is virtual input pin File: C:/Users/Gustav Surface/Documents/GitRepos/AES-GCM_FPGA/src/GHASH/loopMult.vhd Line: 12
    Info (15718): Pin "X[16]" is virtual input pin File: C:/Users/Gustav Surface/Documents/GitRepos/AES-GCM_FPGA/src/GHASH/loopMult.vhd Line: 11
    Info (15718): Pin "Y[110]" is virtual input pin File: C:/Users/Gustav Surface/Documents/GitRepos/AES-GCM_FPGA/src/GHASH/loopMult.vhd Line: 12
    Info (15718): Pin "X[18]" is virtual input pin File: C:/Users/Gustav Surface/Documents/GitRepos/AES-GCM_FPGA/src/GHASH/loopMult.vhd Line: 11
    Info (15718): Pin "Y[111]" is virtual input pin File: C:/Users/Gustav Surface/Documents/GitRepos/AES-GCM_FPGA/src/GHASH/loopMult.vhd Line: 12
    Info (15718): Pin "X[17]" is virtual input pin File: C:/Users/Gustav Surface/Documents/GitRepos/AES-GCM_FPGA/src/GHASH/loopMult.vhd Line: 11
    Info (15718): Pin "Y[109]" is virtual input pin File: C:/Users/Gustav Surface/Documents/GitRepos/AES-GCM_FPGA/src/GHASH/loopMult.vhd Line: 12
    Info (15718): Pin "X[19]" is virtual input pin File: C:/Users/Gustav Surface/Documents/GitRepos/AES-GCM_FPGA/src/GHASH/loopMult.vhd Line: 11
    Info (15718): Pin "Y[107]" is virtual input pin File: C:/Users/Gustav Surface/Documents/GitRepos/AES-GCM_FPGA/src/GHASH/loopMult.vhd Line: 12
    Info (15718): Pin "X[21]" is virtual input pin File: C:/Users/Gustav Surface/Documents/GitRepos/AES-GCM_FPGA/src/GHASH/loopMult.vhd Line: 11
    Info (15718): Pin "Y[108]" is virtual input pin File: C:/Users/Gustav Surface/Documents/GitRepos/AES-GCM_FPGA/src/GHASH/loopMult.vhd Line: 12
    Info (15718): Pin "X[20]" is virtual input pin File: C:/Users/Gustav Surface/Documents/GitRepos/AES-GCM_FPGA/src/GHASH/loopMult.vhd Line: 11
    Info (15718): Pin "Y[106]" is virtual input pin File: C:/Users/Gustav Surface/Documents/GitRepos/AES-GCM_FPGA/src/GHASH/loopMult.vhd Line: 12
    Info (15718): Pin "X[22]" is virtual input pin File: C:/Users/Gustav Surface/Documents/GitRepos/AES-GCM_FPGA/src/GHASH/loopMult.vhd Line: 11
    Info (15718): Pin "Y[104]" is virtual input pin File: C:/Users/Gustav Surface/Documents/GitRepos/AES-GCM_FPGA/src/GHASH/loopMult.vhd Line: 12
    Info (15718): Pin "X[24]" is virtual input pin File: C:/Users/Gustav Surface/Documents/GitRepos/AES-GCM_FPGA/src/GHASH/loopMult.vhd Line: 11
    Info (15718): Pin "Y[105]" is virtual input pin File: C:/Users/Gustav Surface/Documents/GitRepos/AES-GCM_FPGA/src/GHASH/loopMult.vhd Line: 12
    Info (15718): Pin "X[23]" is virtual input pin File: C:/Users/Gustav Surface/Documents/GitRepos/AES-GCM_FPGA/src/GHASH/loopMult.vhd Line: 11
    Info (15718): Pin "Y[103]" is virtual input pin File: C:/Users/Gustav Surface/Documents/GitRepos/AES-GCM_FPGA/src/GHASH/loopMult.vhd Line: 12
    Info (15718): Pin "X[25]" is virtual input pin File: C:/Users/Gustav Surface/Documents/GitRepos/AES-GCM_FPGA/src/GHASH/loopMult.vhd Line: 11
    Info (15718): Pin "Y[101]" is virtual input pin File: C:/Users/Gustav Surface/Documents/GitRepos/AES-GCM_FPGA/src/GHASH/loopMult.vhd Line: 12
    Info (15718): Pin "X[27]" is virtual input pin File: C:/Users/Gustav Surface/Documents/GitRepos/AES-GCM_FPGA/src/GHASH/loopMult.vhd Line: 11
    Info (15718): Pin "Y[102]" is virtual input pin File: C:/Users/Gustav Surface/Documents/GitRepos/AES-GCM_FPGA/src/GHASH/loopMult.vhd Line: 12
    Info (15718): Pin "X[26]" is virtual input pin File: C:/Users/Gustav Surface/Documents/GitRepos/AES-GCM_FPGA/src/GHASH/loopMult.vhd Line: 11
    Info (15718): Pin "Y[100]" is virtual input pin File: C:/Users/Gustav Surface/Documents/GitRepos/AES-GCM_FPGA/src/GHASH/loopMult.vhd Line: 12
    Info (15718): Pin "X[28]" is virtual input pin File: C:/Users/Gustav Surface/Documents/GitRepos/AES-GCM_FPGA/src/GHASH/loopMult.vhd Line: 11
    Info (15718): Pin "Y[98]" is virtual input pin File: C:/Users/Gustav Surface/Documents/GitRepos/AES-GCM_FPGA/src/GHASH/loopMult.vhd Line: 12
    Info (15718): Pin "X[30]" is virtual input pin File: C:/Users/Gustav Surface/Documents/GitRepos/AES-GCM_FPGA/src/GHASH/loopMult.vhd Line: 11
    Info (15718): Pin "Y[99]" is virtual input pin File: C:/Users/Gustav Surface/Documents/GitRepos/AES-GCM_FPGA/src/GHASH/loopMult.vhd Line: 12
    Info (15718): Pin "X[29]" is virtual input pin File: C:/Users/Gustav Surface/Documents/GitRepos/AES-GCM_FPGA/src/GHASH/loopMult.vhd Line: 11
    Info (15718): Pin "Y[97]" is virtual input pin File: C:/Users/Gustav Surface/Documents/GitRepos/AES-GCM_FPGA/src/GHASH/loopMult.vhd Line: 12
    Info (15718): Pin "X[31]" is virtual input pin File: C:/Users/Gustav Surface/Documents/GitRepos/AES-GCM_FPGA/src/GHASH/loopMult.vhd Line: 11
    Info (15718): Pin "Y[95]" is virtual input pin File: C:/Users/Gustav Surface/Documents/GitRepos/AES-GCM_FPGA/src/GHASH/loopMult.vhd Line: 12
    Info (15718): Pin "X[33]" is virtual input pin File: C:/Users/Gustav Surface/Documents/GitRepos/AES-GCM_FPGA/src/GHASH/loopMult.vhd Line: 11
    Info (15718): Pin "Y[96]" is virtual input pin File: C:/Users/Gustav Surface/Documents/GitRepos/AES-GCM_FPGA/src/GHASH/loopMult.vhd Line: 12
    Info (15718): Pin "X[32]" is virtual input pin File: C:/Users/Gustav Surface/Documents/GitRepos/AES-GCM_FPGA/src/GHASH/loopMult.vhd Line: 11
    Info (15718): Pin "Y[94]" is virtual input pin File: C:/Users/Gustav Surface/Documents/GitRepos/AES-GCM_FPGA/src/GHASH/loopMult.vhd Line: 12
    Info (15718): Pin "X[34]" is virtual input pin File: C:/Users/Gustav Surface/Documents/GitRepos/AES-GCM_FPGA/src/GHASH/loopMult.vhd Line: 11
    Info (15718): Pin "Y[92]" is virtual input pin File: C:/Users/Gustav Surface/Documents/GitRepos/AES-GCM_FPGA/src/GHASH/loopMult.vhd Line: 12
    Info (15718): Pin "X[36]" is virtual input pin File: C:/Users/Gustav Surface/Documents/GitRepos/AES-GCM_FPGA/src/GHASH/loopMult.vhd Line: 11
    Info (15718): Pin "Y[93]" is virtual input pin File: C:/Users/Gustav Surface/Documents/GitRepos/AES-GCM_FPGA/src/GHASH/loopMult.vhd Line: 12
    Info (15718): Pin "X[35]" is virtual input pin File: C:/Users/Gustav Surface/Documents/GitRepos/AES-GCM_FPGA/src/GHASH/loopMult.vhd Line: 11
    Info (15718): Pin "Y[91]" is virtual input pin File: C:/Users/Gustav Surface/Documents/GitRepos/AES-GCM_FPGA/src/GHASH/loopMult.vhd Line: 12
    Info (15718): Pin "X[37]" is virtual input pin File: C:/Users/Gustav Surface/Documents/GitRepos/AES-GCM_FPGA/src/GHASH/loopMult.vhd Line: 11
    Info (15718): Pin "Y[89]" is virtual input pin File: C:/Users/Gustav Surface/Documents/GitRepos/AES-GCM_FPGA/src/GHASH/loopMult.vhd Line: 12
    Info (15718): Pin "X[39]" is virtual input pin File: C:/Users/Gustav Surface/Documents/GitRepos/AES-GCM_FPGA/src/GHASH/loopMult.vhd Line: 11
    Info (15718): Pin "Y[90]" is virtual input pin File: C:/Users/Gustav Surface/Documents/GitRepos/AES-GCM_FPGA/src/GHASH/loopMult.vhd Line: 12
    Info (15718): Pin "X[38]" is virtual input pin File: C:/Users/Gustav Surface/Documents/GitRepos/AES-GCM_FPGA/src/GHASH/loopMult.vhd Line: 11
    Info (15718): Pin "Y[88]" is virtual input pin File: C:/Users/Gustav Surface/Documents/GitRepos/AES-GCM_FPGA/src/GHASH/loopMult.vhd Line: 12
    Info (15718): Pin "X[40]" is virtual input pin File: C:/Users/Gustav Surface/Documents/GitRepos/AES-GCM_FPGA/src/GHASH/loopMult.vhd Line: 11
    Info (15718): Pin "Y[86]" is virtual input pin File: C:/Users/Gustav Surface/Documents/GitRepos/AES-GCM_FPGA/src/GHASH/loopMult.vhd Line: 12
    Info (15718): Pin "X[42]" is virtual input pin File: C:/Users/Gustav Surface/Documents/GitRepos/AES-GCM_FPGA/src/GHASH/loopMult.vhd Line: 11
    Info (15718): Pin "Y[87]" is virtual input pin File: C:/Users/Gustav Surface/Documents/GitRepos/AES-GCM_FPGA/src/GHASH/loopMult.vhd Line: 12
    Info (15718): Pin "X[41]" is virtual input pin File: C:/Users/Gustav Surface/Documents/GitRepos/AES-GCM_FPGA/src/GHASH/loopMult.vhd Line: 11
    Info (15718): Pin "Y[85]" is virtual input pin File: C:/Users/Gustav Surface/Documents/GitRepos/AES-GCM_FPGA/src/GHASH/loopMult.vhd Line: 12
    Info (15718): Pin "X[43]" is virtual input pin File: C:/Users/Gustav Surface/Documents/GitRepos/AES-GCM_FPGA/src/GHASH/loopMult.vhd Line: 11
    Info (15718): Pin "Y[83]" is virtual input pin File: C:/Users/Gustav Surface/Documents/GitRepos/AES-GCM_FPGA/src/GHASH/loopMult.vhd Line: 12
    Info (15718): Pin "X[45]" is virtual input pin File: C:/Users/Gustav Surface/Documents/GitRepos/AES-GCM_FPGA/src/GHASH/loopMult.vhd Line: 11
    Info (15718): Pin "Y[84]" is virtual input pin File: C:/Users/Gustav Surface/Documents/GitRepos/AES-GCM_FPGA/src/GHASH/loopMult.vhd Line: 12
    Info (15718): Pin "X[44]" is virtual input pin File: C:/Users/Gustav Surface/Documents/GitRepos/AES-GCM_FPGA/src/GHASH/loopMult.vhd Line: 11
    Info (15718): Pin "Y[82]" is virtual input pin File: C:/Users/Gustav Surface/Documents/GitRepos/AES-GCM_FPGA/src/GHASH/loopMult.vhd Line: 12
    Info (15718): Pin "X[46]" is virtual input pin File: C:/Users/Gustav Surface/Documents/GitRepos/AES-GCM_FPGA/src/GHASH/loopMult.vhd Line: 11
    Info (15718): Pin "Y[80]" is virtual input pin File: C:/Users/Gustav Surface/Documents/GitRepos/AES-GCM_FPGA/src/GHASH/loopMult.vhd Line: 12
    Info (15718): Pin "X[48]" is virtual input pin File: C:/Users/Gustav Surface/Documents/GitRepos/AES-GCM_FPGA/src/GHASH/loopMult.vhd Line: 11
    Info (15718): Pin "Y[81]" is virtual input pin File: C:/Users/Gustav Surface/Documents/GitRepos/AES-GCM_FPGA/src/GHASH/loopMult.vhd Line: 12
    Info (15718): Pin "X[47]" is virtual input pin File: C:/Users/Gustav Surface/Documents/GitRepos/AES-GCM_FPGA/src/GHASH/loopMult.vhd Line: 11
    Info (15718): Pin "Y[79]" is virtual input pin File: C:/Users/Gustav Surface/Documents/GitRepos/AES-GCM_FPGA/src/GHASH/loopMult.vhd Line: 12
    Info (15718): Pin "X[49]" is virtual input pin File: C:/Users/Gustav Surface/Documents/GitRepos/AES-GCM_FPGA/src/GHASH/loopMult.vhd Line: 11
    Info (15718): Pin "Y[77]" is virtual input pin File: C:/Users/Gustav Surface/Documents/GitRepos/AES-GCM_FPGA/src/GHASH/loopMult.vhd Line: 12
    Info (15718): Pin "X[51]" is virtual input pin File: C:/Users/Gustav Surface/Documents/GitRepos/AES-GCM_FPGA/src/GHASH/loopMult.vhd Line: 11
    Info (15718): Pin "Y[78]" is virtual input pin File: C:/Users/Gustav Surface/Documents/GitRepos/AES-GCM_FPGA/src/GHASH/loopMult.vhd Line: 12
    Info (15718): Pin "X[50]" is virtual input pin File: C:/Users/Gustav Surface/Documents/GitRepos/AES-GCM_FPGA/src/GHASH/loopMult.vhd Line: 11
    Info (15718): Pin "Y[76]" is virtual input pin File: C:/Users/Gustav Surface/Documents/GitRepos/AES-GCM_FPGA/src/GHASH/loopMult.vhd Line: 12
    Info (15718): Pin "X[52]" is virtual input pin File: C:/Users/Gustav Surface/Documents/GitRepos/AES-GCM_FPGA/src/GHASH/loopMult.vhd Line: 11
    Info (15718): Pin "Y[74]" is virtual input pin File: C:/Users/Gustav Surface/Documents/GitRepos/AES-GCM_FPGA/src/GHASH/loopMult.vhd Line: 12
    Info (15718): Pin "X[54]" is virtual input pin File: C:/Users/Gustav Surface/Documents/GitRepos/AES-GCM_FPGA/src/GHASH/loopMult.vhd Line: 11
    Info (15718): Pin "Y[75]" is virtual input pin File: C:/Users/Gustav Surface/Documents/GitRepos/AES-GCM_FPGA/src/GHASH/loopMult.vhd Line: 12
    Info (15718): Pin "X[53]" is virtual input pin File: C:/Users/Gustav Surface/Documents/GitRepos/AES-GCM_FPGA/src/GHASH/loopMult.vhd Line: 11
    Info (15718): Pin "Y[73]" is virtual input pin File: C:/Users/Gustav Surface/Documents/GitRepos/AES-GCM_FPGA/src/GHASH/loopMult.vhd Line: 12
    Info (15718): Pin "X[55]" is virtual input pin File: C:/Users/Gustav Surface/Documents/GitRepos/AES-GCM_FPGA/src/GHASH/loopMult.vhd Line: 11
    Info (15718): Pin "Y[71]" is virtual input pin File: C:/Users/Gustav Surface/Documents/GitRepos/AES-GCM_FPGA/src/GHASH/loopMult.vhd Line: 12
    Info (15718): Pin "X[57]" is virtual input pin File: C:/Users/Gustav Surface/Documents/GitRepos/AES-GCM_FPGA/src/GHASH/loopMult.vhd Line: 11
    Info (15718): Pin "Y[72]" is virtual input pin File: C:/Users/Gustav Surface/Documents/GitRepos/AES-GCM_FPGA/src/GHASH/loopMult.vhd Line: 12
    Info (15718): Pin "X[56]" is virtual input pin File: C:/Users/Gustav Surface/Documents/GitRepos/AES-GCM_FPGA/src/GHASH/loopMult.vhd Line: 11
    Info (15718): Pin "Y[70]" is virtual input pin File: C:/Users/Gustav Surface/Documents/GitRepos/AES-GCM_FPGA/src/GHASH/loopMult.vhd Line: 12
    Info (15718): Pin "X[58]" is virtual input pin File: C:/Users/Gustav Surface/Documents/GitRepos/AES-GCM_FPGA/src/GHASH/loopMult.vhd Line: 11
    Info (15718): Pin "Y[68]" is virtual input pin File: C:/Users/Gustav Surface/Documents/GitRepos/AES-GCM_FPGA/src/GHASH/loopMult.vhd Line: 12
    Info (15718): Pin "X[60]" is virtual input pin File: C:/Users/Gustav Surface/Documents/GitRepos/AES-GCM_FPGA/src/GHASH/loopMult.vhd Line: 11
    Info (15718): Pin "Y[69]" is virtual input pin File: C:/Users/Gustav Surface/Documents/GitRepos/AES-GCM_FPGA/src/GHASH/loopMult.vhd Line: 12
    Info (15718): Pin "X[59]" is virtual input pin File: C:/Users/Gustav Surface/Documents/GitRepos/AES-GCM_FPGA/src/GHASH/loopMult.vhd Line: 11
    Info (15718): Pin "Y[67]" is virtual input pin File: C:/Users/Gustav Surface/Documents/GitRepos/AES-GCM_FPGA/src/GHASH/loopMult.vhd Line: 12
    Info (15718): Pin "X[61]" is virtual input pin File: C:/Users/Gustav Surface/Documents/GitRepos/AES-GCM_FPGA/src/GHASH/loopMult.vhd Line: 11
    Info (15718): Pin "Y[65]" is virtual input pin File: C:/Users/Gustav Surface/Documents/GitRepos/AES-GCM_FPGA/src/GHASH/loopMult.vhd Line: 12
    Info (15718): Pin "X[63]" is virtual input pin File: C:/Users/Gustav Surface/Documents/GitRepos/AES-GCM_FPGA/src/GHASH/loopMult.vhd Line: 11
    Info (15718): Pin "Y[66]" is virtual input pin File: C:/Users/Gustav Surface/Documents/GitRepos/AES-GCM_FPGA/src/GHASH/loopMult.vhd Line: 12
    Info (15718): Pin "X[62]" is virtual input pin File: C:/Users/Gustav Surface/Documents/GitRepos/AES-GCM_FPGA/src/GHASH/loopMult.vhd Line: 11
    Info (15718): Pin "Y[64]" is virtual input pin File: C:/Users/Gustav Surface/Documents/GitRepos/AES-GCM_FPGA/src/GHASH/loopMult.vhd Line: 12
    Info (15718): Pin "X[64]" is virtual input pin File: C:/Users/Gustav Surface/Documents/GitRepos/AES-GCM_FPGA/src/GHASH/loopMult.vhd Line: 11
    Info (15718): Pin "Y[62]" is virtual input pin File: C:/Users/Gustav Surface/Documents/GitRepos/AES-GCM_FPGA/src/GHASH/loopMult.vhd Line: 12
    Info (15718): Pin "X[66]" is virtual input pin File: C:/Users/Gustav Surface/Documents/GitRepos/AES-GCM_FPGA/src/GHASH/loopMult.vhd Line: 11
    Info (15718): Pin "Y[63]" is virtual input pin File: C:/Users/Gustav Surface/Documents/GitRepos/AES-GCM_FPGA/src/GHASH/loopMult.vhd Line: 12
    Info (15718): Pin "X[65]" is virtual input pin File: C:/Users/Gustav Surface/Documents/GitRepos/AES-GCM_FPGA/src/GHASH/loopMult.vhd Line: 11
    Info (15718): Pin "Y[61]" is virtual input pin File: C:/Users/Gustav Surface/Documents/GitRepos/AES-GCM_FPGA/src/GHASH/loopMult.vhd Line: 12
    Info (15718): Pin "X[67]" is virtual input pin File: C:/Users/Gustav Surface/Documents/GitRepos/AES-GCM_FPGA/src/GHASH/loopMult.vhd Line: 11
    Info (15718): Pin "Y[59]" is virtual input pin File: C:/Users/Gustav Surface/Documents/GitRepos/AES-GCM_FPGA/src/GHASH/loopMult.vhd Line: 12
    Info (15718): Pin "X[69]" is virtual input pin File: C:/Users/Gustav Surface/Documents/GitRepos/AES-GCM_FPGA/src/GHASH/loopMult.vhd Line: 11
    Info (15718): Pin "Y[60]" is virtual input pin File: C:/Users/Gustav Surface/Documents/GitRepos/AES-GCM_FPGA/src/GHASH/loopMult.vhd Line: 12
    Info (15718): Pin "X[68]" is virtual input pin File: C:/Users/Gustav Surface/Documents/GitRepos/AES-GCM_FPGA/src/GHASH/loopMult.vhd Line: 11
    Info (15718): Pin "Y[58]" is virtual input pin File: C:/Users/Gustav Surface/Documents/GitRepos/AES-GCM_FPGA/src/GHASH/loopMult.vhd Line: 12
    Info (15718): Pin "X[70]" is virtual input pin File: C:/Users/Gustav Surface/Documents/GitRepos/AES-GCM_FPGA/src/GHASH/loopMult.vhd Line: 11
    Info (15718): Pin "Y[56]" is virtual input pin File: C:/Users/Gustav Surface/Documents/GitRepos/AES-GCM_FPGA/src/GHASH/loopMult.vhd Line: 12
    Info (15718): Pin "X[72]" is virtual input pin File: C:/Users/Gustav Surface/Documents/GitRepos/AES-GCM_FPGA/src/GHASH/loopMult.vhd Line: 11
    Info (15718): Pin "Y[57]" is virtual input pin File: C:/Users/Gustav Surface/Documents/GitRepos/AES-GCM_FPGA/src/GHASH/loopMult.vhd Line: 12
    Info (15718): Pin "X[71]" is virtual input pin File: C:/Users/Gustav Surface/Documents/GitRepos/AES-GCM_FPGA/src/GHASH/loopMult.vhd Line: 11
    Info (15718): Pin "Y[55]" is virtual input pin File: C:/Users/Gustav Surface/Documents/GitRepos/AES-GCM_FPGA/src/GHASH/loopMult.vhd Line: 12
    Info (15718): Pin "X[73]" is virtual input pin File: C:/Users/Gustav Surface/Documents/GitRepos/AES-GCM_FPGA/src/GHASH/loopMult.vhd Line: 11
    Info (15718): Pin "Y[53]" is virtual input pin File: C:/Users/Gustav Surface/Documents/GitRepos/AES-GCM_FPGA/src/GHASH/loopMult.vhd Line: 12
    Info (15718): Pin "X[75]" is virtual input pin File: C:/Users/Gustav Surface/Documents/GitRepos/AES-GCM_FPGA/src/GHASH/loopMult.vhd Line: 11
    Info (15718): Pin "Y[54]" is virtual input pin File: C:/Users/Gustav Surface/Documents/GitRepos/AES-GCM_FPGA/src/GHASH/loopMult.vhd Line: 12
    Info (15718): Pin "X[74]" is virtual input pin File: C:/Users/Gustav Surface/Documents/GitRepos/AES-GCM_FPGA/src/GHASH/loopMult.vhd Line: 11
    Info (15718): Pin "Y[52]" is virtual input pin File: C:/Users/Gustav Surface/Documents/GitRepos/AES-GCM_FPGA/src/GHASH/loopMult.vhd Line: 12
    Info (15718): Pin "X[76]" is virtual input pin File: C:/Users/Gustav Surface/Documents/GitRepos/AES-GCM_FPGA/src/GHASH/loopMult.vhd Line: 11
    Info (15718): Pin "Y[50]" is virtual input pin File: C:/Users/Gustav Surface/Documents/GitRepos/AES-GCM_FPGA/src/GHASH/loopMult.vhd Line: 12
    Info (15718): Pin "X[78]" is virtual input pin File: C:/Users/Gustav Surface/Documents/GitRepos/AES-GCM_FPGA/src/GHASH/loopMult.vhd Line: 11
    Info (15718): Pin "Y[51]" is virtual input pin File: C:/Users/Gustav Surface/Documents/GitRepos/AES-GCM_FPGA/src/GHASH/loopMult.vhd Line: 12
    Info (15718): Pin "X[77]" is virtual input pin File: C:/Users/Gustav Surface/Documents/GitRepos/AES-GCM_FPGA/src/GHASH/loopMult.vhd Line: 11
    Info (15718): Pin "Y[49]" is virtual input pin File: C:/Users/Gustav Surface/Documents/GitRepos/AES-GCM_FPGA/src/GHASH/loopMult.vhd Line: 12
    Info (15718): Pin "X[79]" is virtual input pin File: C:/Users/Gustav Surface/Documents/GitRepos/AES-GCM_FPGA/src/GHASH/loopMult.vhd Line: 11
    Info (15718): Pin "Y[47]" is virtual input pin File: C:/Users/Gustav Surface/Documents/GitRepos/AES-GCM_FPGA/src/GHASH/loopMult.vhd Line: 12
    Info (15718): Pin "X[81]" is virtual input pin File: C:/Users/Gustav Surface/Documents/GitRepos/AES-GCM_FPGA/src/GHASH/loopMult.vhd Line: 11
    Info (15718): Pin "Y[48]" is virtual input pin File: C:/Users/Gustav Surface/Documents/GitRepos/AES-GCM_FPGA/src/GHASH/loopMult.vhd Line: 12
    Info (15718): Pin "X[80]" is virtual input pin File: C:/Users/Gustav Surface/Documents/GitRepos/AES-GCM_FPGA/src/GHASH/loopMult.vhd Line: 11
    Info (15718): Pin "Y[46]" is virtual input pin File: C:/Users/Gustav Surface/Documents/GitRepos/AES-GCM_FPGA/src/GHASH/loopMult.vhd Line: 12
    Info (15718): Pin "X[82]" is virtual input pin File: C:/Users/Gustav Surface/Documents/GitRepos/AES-GCM_FPGA/src/GHASH/loopMult.vhd Line: 11
    Info (15718): Pin "Y[44]" is virtual input pin File: C:/Users/Gustav Surface/Documents/GitRepos/AES-GCM_FPGA/src/GHASH/loopMult.vhd Line: 12
    Info (15718): Pin "X[84]" is virtual input pin File: C:/Users/Gustav Surface/Documents/GitRepos/AES-GCM_FPGA/src/GHASH/loopMult.vhd Line: 11
    Info (15718): Pin "Y[45]" is virtual input pin File: C:/Users/Gustav Surface/Documents/GitRepos/AES-GCM_FPGA/src/GHASH/loopMult.vhd Line: 12
    Info (15718): Pin "X[83]" is virtual input pin File: C:/Users/Gustav Surface/Documents/GitRepos/AES-GCM_FPGA/src/GHASH/loopMult.vhd Line: 11
    Info (15718): Pin "Y[43]" is virtual input pin File: C:/Users/Gustav Surface/Documents/GitRepos/AES-GCM_FPGA/src/GHASH/loopMult.vhd Line: 12
    Info (15718): Pin "X[85]" is virtual input pin File: C:/Users/Gustav Surface/Documents/GitRepos/AES-GCM_FPGA/src/GHASH/loopMult.vhd Line: 11
    Info (15718): Pin "Y[41]" is virtual input pin File: C:/Users/Gustav Surface/Documents/GitRepos/AES-GCM_FPGA/src/GHASH/loopMult.vhd Line: 12
    Info (15718): Pin "X[87]" is virtual input pin File: C:/Users/Gustav Surface/Documents/GitRepos/AES-GCM_FPGA/src/GHASH/loopMult.vhd Line: 11
    Info (15718): Pin "Y[42]" is virtual input pin File: C:/Users/Gustav Surface/Documents/GitRepos/AES-GCM_FPGA/src/GHASH/loopMult.vhd Line: 12
    Info (15718): Pin "X[86]" is virtual input pin File: C:/Users/Gustav Surface/Documents/GitRepos/AES-GCM_FPGA/src/GHASH/loopMult.vhd Line: 11
    Info (15718): Pin "Y[40]" is virtual input pin File: C:/Users/Gustav Surface/Documents/GitRepos/AES-GCM_FPGA/src/GHASH/loopMult.vhd Line: 12
    Info (15718): Pin "X[88]" is virtual input pin File: C:/Users/Gustav Surface/Documents/GitRepos/AES-GCM_FPGA/src/GHASH/loopMult.vhd Line: 11
    Info (15718): Pin "Y[38]" is virtual input pin File: C:/Users/Gustav Surface/Documents/GitRepos/AES-GCM_FPGA/src/GHASH/loopMult.vhd Line: 12
    Info (15718): Pin "X[90]" is virtual input pin File: C:/Users/Gustav Surface/Documents/GitRepos/AES-GCM_FPGA/src/GHASH/loopMult.vhd Line: 11
    Info (15718): Pin "Y[39]" is virtual input pin File: C:/Users/Gustav Surface/Documents/GitRepos/AES-GCM_FPGA/src/GHASH/loopMult.vhd Line: 12
    Info (15718): Pin "X[89]" is virtual input pin File: C:/Users/Gustav Surface/Documents/GitRepos/AES-GCM_FPGA/src/GHASH/loopMult.vhd Line: 11
    Info (15718): Pin "Y[37]" is virtual input pin File: C:/Users/Gustav Surface/Documents/GitRepos/AES-GCM_FPGA/src/GHASH/loopMult.vhd Line: 12
    Info (15718): Pin "X[91]" is virtual input pin File: C:/Users/Gustav Surface/Documents/GitRepos/AES-GCM_FPGA/src/GHASH/loopMult.vhd Line: 11
    Info (15718): Pin "Y[35]" is virtual input pin File: C:/Users/Gustav Surface/Documents/GitRepos/AES-GCM_FPGA/src/GHASH/loopMult.vhd Line: 12
    Info (15718): Pin "X[93]" is virtual input pin File: C:/Users/Gustav Surface/Documents/GitRepos/AES-GCM_FPGA/src/GHASH/loopMult.vhd Line: 11
    Info (15718): Pin "Y[36]" is virtual input pin File: C:/Users/Gustav Surface/Documents/GitRepos/AES-GCM_FPGA/src/GHASH/loopMult.vhd Line: 12
    Info (15718): Pin "X[92]" is virtual input pin File: C:/Users/Gustav Surface/Documents/GitRepos/AES-GCM_FPGA/src/GHASH/loopMult.vhd Line: 11
    Info (15718): Pin "Y[34]" is virtual input pin File: C:/Users/Gustav Surface/Documents/GitRepos/AES-GCM_FPGA/src/GHASH/loopMult.vhd Line: 12
    Info (15718): Pin "X[94]" is virtual input pin File: C:/Users/Gustav Surface/Documents/GitRepos/AES-GCM_FPGA/src/GHASH/loopMult.vhd Line: 11
    Info (15718): Pin "Y[32]" is virtual input pin File: C:/Users/Gustav Surface/Documents/GitRepos/AES-GCM_FPGA/src/GHASH/loopMult.vhd Line: 12
    Info (15718): Pin "X[96]" is virtual input pin File: C:/Users/Gustav Surface/Documents/GitRepos/AES-GCM_FPGA/src/GHASH/loopMult.vhd Line: 11
    Info (15718): Pin "Y[33]" is virtual input pin File: C:/Users/Gustav Surface/Documents/GitRepos/AES-GCM_FPGA/src/GHASH/loopMult.vhd Line: 12
    Info (15718): Pin "X[95]" is virtual input pin File: C:/Users/Gustav Surface/Documents/GitRepos/AES-GCM_FPGA/src/GHASH/loopMult.vhd Line: 11
    Info (15718): Pin "Y[31]" is virtual input pin File: C:/Users/Gustav Surface/Documents/GitRepos/AES-GCM_FPGA/src/GHASH/loopMult.vhd Line: 12
    Info (15718): Pin "X[97]" is virtual input pin File: C:/Users/Gustav Surface/Documents/GitRepos/AES-GCM_FPGA/src/GHASH/loopMult.vhd Line: 11
    Info (15718): Pin "Y[29]" is virtual input pin File: C:/Users/Gustav Surface/Documents/GitRepos/AES-GCM_FPGA/src/GHASH/loopMult.vhd Line: 12
    Info (15718): Pin "X[99]" is virtual input pin File: C:/Users/Gustav Surface/Documents/GitRepos/AES-GCM_FPGA/src/GHASH/loopMult.vhd Line: 11
    Info (15718): Pin "Y[30]" is virtual input pin File: C:/Users/Gustav Surface/Documents/GitRepos/AES-GCM_FPGA/src/GHASH/loopMult.vhd Line: 12
    Info (15718): Pin "X[98]" is virtual input pin File: C:/Users/Gustav Surface/Documents/GitRepos/AES-GCM_FPGA/src/GHASH/loopMult.vhd Line: 11
    Info (15718): Pin "Y[28]" is virtual input pin File: C:/Users/Gustav Surface/Documents/GitRepos/AES-GCM_FPGA/src/GHASH/loopMult.vhd Line: 12
    Info (15718): Pin "X[100]" is virtual input pin File: C:/Users/Gustav Surface/Documents/GitRepos/AES-GCM_FPGA/src/GHASH/loopMult.vhd Line: 11
    Info (15718): Pin "Y[26]" is virtual input pin File: C:/Users/Gustav Surface/Documents/GitRepos/AES-GCM_FPGA/src/GHASH/loopMult.vhd Line: 12
    Info (15718): Pin "X[102]" is virtual input pin File: C:/Users/Gustav Surface/Documents/GitRepos/AES-GCM_FPGA/src/GHASH/loopMult.vhd Line: 11
    Info (15718): Pin "Y[27]" is virtual input pin File: C:/Users/Gustav Surface/Documents/GitRepos/AES-GCM_FPGA/src/GHASH/loopMult.vhd Line: 12
    Info (15718): Pin "X[101]" is virtual input pin File: C:/Users/Gustav Surface/Documents/GitRepos/AES-GCM_FPGA/src/GHASH/loopMult.vhd Line: 11
    Info (15718): Pin "Y[25]" is virtual input pin File: C:/Users/Gustav Surface/Documents/GitRepos/AES-GCM_FPGA/src/GHASH/loopMult.vhd Line: 12
    Info (15718): Pin "X[103]" is virtual input pin File: C:/Users/Gustav Surface/Documents/GitRepos/AES-GCM_FPGA/src/GHASH/loopMult.vhd Line: 11
    Info (15718): Pin "Y[23]" is virtual input pin File: C:/Users/Gustav Surface/Documents/GitRepos/AES-GCM_FPGA/src/GHASH/loopMult.vhd Line: 12
    Info (15718): Pin "X[105]" is virtual input pin File: C:/Users/Gustav Surface/Documents/GitRepos/AES-GCM_FPGA/src/GHASH/loopMult.vhd Line: 11
    Info (15718): Pin "Y[24]" is virtual input pin File: C:/Users/Gustav Surface/Documents/GitRepos/AES-GCM_FPGA/src/GHASH/loopMult.vhd Line: 12
    Info (15718): Pin "X[104]" is virtual input pin File: C:/Users/Gustav Surface/Documents/GitRepos/AES-GCM_FPGA/src/GHASH/loopMult.vhd Line: 11
    Info (15718): Pin "Y[22]" is virtual input pin File: C:/Users/Gustav Surface/Documents/GitRepos/AES-GCM_FPGA/src/GHASH/loopMult.vhd Line: 12
    Info (15718): Pin "X[106]" is virtual input pin File: C:/Users/Gustav Surface/Documents/GitRepos/AES-GCM_FPGA/src/GHASH/loopMult.vhd Line: 11
    Info (15718): Pin "Y[20]" is virtual input pin File: C:/Users/Gustav Surface/Documents/GitRepos/AES-GCM_FPGA/src/GHASH/loopMult.vhd Line: 12
    Info (15718): Pin "X[108]" is virtual input pin File: C:/Users/Gustav Surface/Documents/GitRepos/AES-GCM_FPGA/src/GHASH/loopMult.vhd Line: 11
    Info (15718): Pin "Y[21]" is virtual input pin File: C:/Users/Gustav Surface/Documents/GitRepos/AES-GCM_FPGA/src/GHASH/loopMult.vhd Line: 12
    Info (15718): Pin "X[107]" is virtual input pin File: C:/Users/Gustav Surface/Documents/GitRepos/AES-GCM_FPGA/src/GHASH/loopMult.vhd Line: 11
    Info (15718): Pin "Y[19]" is virtual input pin File: C:/Users/Gustav Surface/Documents/GitRepos/AES-GCM_FPGA/src/GHASH/loopMult.vhd Line: 12
    Info (15718): Pin "X[109]" is virtual input pin File: C:/Users/Gustav Surface/Documents/GitRepos/AES-GCM_FPGA/src/GHASH/loopMult.vhd Line: 11
    Info (15718): Pin "Y[17]" is virtual input pin File: C:/Users/Gustav Surface/Documents/GitRepos/AES-GCM_FPGA/src/GHASH/loopMult.vhd Line: 12
    Info (15718): Pin "X[111]" is virtual input pin File: C:/Users/Gustav Surface/Documents/GitRepos/AES-GCM_FPGA/src/GHASH/loopMult.vhd Line: 11
    Info (15718): Pin "Y[18]" is virtual input pin File: C:/Users/Gustav Surface/Documents/GitRepos/AES-GCM_FPGA/src/GHASH/loopMult.vhd Line: 12
    Info (15718): Pin "X[110]" is virtual input pin File: C:/Users/Gustav Surface/Documents/GitRepos/AES-GCM_FPGA/src/GHASH/loopMult.vhd Line: 11
    Info (15718): Pin "Y[16]" is virtual input pin File: C:/Users/Gustav Surface/Documents/GitRepos/AES-GCM_FPGA/src/GHASH/loopMult.vhd Line: 12
    Info (15718): Pin "X[112]" is virtual input pin File: C:/Users/Gustav Surface/Documents/GitRepos/AES-GCM_FPGA/src/GHASH/loopMult.vhd Line: 11
    Info (15718): Pin "Y[14]" is virtual input pin File: C:/Users/Gustav Surface/Documents/GitRepos/AES-GCM_FPGA/src/GHASH/loopMult.vhd Line: 12
    Info (15718): Pin "X[114]" is virtual input pin File: C:/Users/Gustav Surface/Documents/GitRepos/AES-GCM_FPGA/src/GHASH/loopMult.vhd Line: 11
    Info (15718): Pin "Y[15]" is virtual input pin File: C:/Users/Gustav Surface/Documents/GitRepos/AES-GCM_FPGA/src/GHASH/loopMult.vhd Line: 12
    Info (15718): Pin "X[113]" is virtual input pin File: C:/Users/Gustav Surface/Documents/GitRepos/AES-GCM_FPGA/src/GHASH/loopMult.vhd Line: 11
    Info (15718): Pin "Y[13]" is virtual input pin File: C:/Users/Gustav Surface/Documents/GitRepos/AES-GCM_FPGA/src/GHASH/loopMult.vhd Line: 12
    Info (15718): Pin "X[115]" is virtual input pin File: C:/Users/Gustav Surface/Documents/GitRepos/AES-GCM_FPGA/src/GHASH/loopMult.vhd Line: 11
    Info (15718): Pin "Y[11]" is virtual input pin File: C:/Users/Gustav Surface/Documents/GitRepos/AES-GCM_FPGA/src/GHASH/loopMult.vhd Line: 12
    Info (15718): Pin "X[117]" is virtual input pin File: C:/Users/Gustav Surface/Documents/GitRepos/AES-GCM_FPGA/src/GHASH/loopMult.vhd Line: 11
    Info (15718): Pin "Y[12]" is virtual input pin File: C:/Users/Gustav Surface/Documents/GitRepos/AES-GCM_FPGA/src/GHASH/loopMult.vhd Line: 12
    Info (15718): Pin "X[116]" is virtual input pin File: C:/Users/Gustav Surface/Documents/GitRepos/AES-GCM_FPGA/src/GHASH/loopMult.vhd Line: 11
    Info (15718): Pin "Y[10]" is virtual input pin File: C:/Users/Gustav Surface/Documents/GitRepos/AES-GCM_FPGA/src/GHASH/loopMult.vhd Line: 12
    Info (15718): Pin "X[118]" is virtual input pin File: C:/Users/Gustav Surface/Documents/GitRepos/AES-GCM_FPGA/src/GHASH/loopMult.vhd Line: 11
    Info (15718): Pin "Y[8]" is virtual input pin File: C:/Users/Gustav Surface/Documents/GitRepos/AES-GCM_FPGA/src/GHASH/loopMult.vhd Line: 12
    Info (15718): Pin "X[120]" is virtual input pin File: C:/Users/Gustav Surface/Documents/GitRepos/AES-GCM_FPGA/src/GHASH/loopMult.vhd Line: 11
    Info (15718): Pin "Y[9]" is virtual input pin File: C:/Users/Gustav Surface/Documents/GitRepos/AES-GCM_FPGA/src/GHASH/loopMult.vhd Line: 12
    Info (15718): Pin "X[119]" is virtual input pin File: C:/Users/Gustav Surface/Documents/GitRepos/AES-GCM_FPGA/src/GHASH/loopMult.vhd Line: 11
    Info (15718): Pin "Y[7]" is virtual input pin File: C:/Users/Gustav Surface/Documents/GitRepos/AES-GCM_FPGA/src/GHASH/loopMult.vhd Line: 12
    Info (15718): Pin "X[121]" is virtual input pin File: C:/Users/Gustav Surface/Documents/GitRepos/AES-GCM_FPGA/src/GHASH/loopMult.vhd Line: 11
    Info (15718): Pin "Y[5]" is virtual input pin File: C:/Users/Gustav Surface/Documents/GitRepos/AES-GCM_FPGA/src/GHASH/loopMult.vhd Line: 12
    Info (15718): Pin "X[123]" is virtual input pin File: C:/Users/Gustav Surface/Documents/GitRepos/AES-GCM_FPGA/src/GHASH/loopMult.vhd Line: 11
    Info (15718): Pin "Y[6]" is virtual input pin File: C:/Users/Gustav Surface/Documents/GitRepos/AES-GCM_FPGA/src/GHASH/loopMult.vhd Line: 12
    Info (15718): Pin "X[122]" is virtual input pin File: C:/Users/Gustav Surface/Documents/GitRepos/AES-GCM_FPGA/src/GHASH/loopMult.vhd Line: 11
    Info (15718): Pin "Y[4]" is virtual input pin File: C:/Users/Gustav Surface/Documents/GitRepos/AES-GCM_FPGA/src/GHASH/loopMult.vhd Line: 12
    Info (15718): Pin "X[124]" is virtual input pin File: C:/Users/Gustav Surface/Documents/GitRepos/AES-GCM_FPGA/src/GHASH/loopMult.vhd Line: 11
    Info (15718): Pin "Y[3]" is virtual input pin File: C:/Users/Gustav Surface/Documents/GitRepos/AES-GCM_FPGA/src/GHASH/loopMult.vhd Line: 12
    Info (15718): Pin "X[125]" is virtual input pin File: C:/Users/Gustav Surface/Documents/GitRepos/AES-GCM_FPGA/src/GHASH/loopMult.vhd Line: 11
    Info (15718): Pin "Y[2]" is virtual input pin File: C:/Users/Gustav Surface/Documents/GitRepos/AES-GCM_FPGA/src/GHASH/loopMult.vhd Line: 12
    Info (15718): Pin "X[126]" is virtual input pin File: C:/Users/Gustav Surface/Documents/GitRepos/AES-GCM_FPGA/src/GHASH/loopMult.vhd Line: 11
    Info (15718): Pin "Y[1]" is virtual input pin File: C:/Users/Gustav Surface/Documents/GitRepos/AES-GCM_FPGA/src/GHASH/loopMult.vhd Line: 12
    Info (15718): Pin "X[127]" is virtual input pin File: C:/Users/Gustav Surface/Documents/GitRepos/AES-GCM_FPGA/src/GHASH/loopMult.vhd Line: 11
Info (21057): Implemented 14545 device resources after synthesis - the final resource count might be different
    Info (21058): Implemented 0 input pins
    Info (21059): Implemented 0 output pins
    Info (21061): Implemented 14545 logic cells
Info: Quartus Prime Analysis & Synthesis was successful. 0 errors, 3 warnings
    Info: Peak virtual memory: 4916 megabytes
    Info: Processing ended: Tue May 04 14:43:54 2021
    Info: Elapsed time: 00:00:55
    Info: Total CPU time (on all processors): 00:01:08


